Unable to determine the device handle for GPU0000:41:00.0: Unknown Error
Iniciando treino em cluster-node2
Começou em Wed Dec 10 05:54:38 PM -03 2025
(125973, 43)
Label encoding coluna (por índice): 5 -> 9
Label encoding coluna (por índice): 6 -> 10
Label encoding coluna (por índice): 7 -> 11
Label encoding coluna (por índice): 8 -> 12
sai de label_encoding
(100779, 38)
EPOCH 1:
5999840.572480679
EPOCH 2:
3999840.4579076767
EPOCH 3:
5999845.847360253
EPOCH 4:
5999846.696281791
EPOCH 5:
5999846.576800227
EPOCH 6:
5999846.848806977
EPOCH 7:
5999847.374369502
EPOCH 8:
5999848.8932032585
EPOCH 9:
5999851.016640902
EPOCH 10:
3999851.22019732
EPOCH 11:
2999852.708966136
EPOCH 12:
2999855.4759579897
EPOCH 13:
1999857.0410450697
EPOCH 14:
1999858.7404044867
EPOCH 15:
-141.15369141101837
EPOCH 16:
-139.26704680919647
EPOCH 17:
-137.38756465911865
EPOCH 18:
-135.57978570461273
EPOCH 19:
-133.65041935443878
EPOCH 20:
-131.72993624210358
EPOCH 21:
-130.1217360496521
EPOCH 22:
-129.2648776769638
EPOCH 23:
-128.3352472782135
EPOCH 24:
-127.61664187908173
EPOCH 25:
-126.86151587963104
EPOCH 26:
-126.50486490171699
EPOCH 27:
-126.75103037249588
EPOCH 28:
-125.8998980724601
EPOCH 29:
-125.6088783959361
EPOCH 30:
-126.39645841838254
EPOCH 31:
-125.94487898543616
EPOCH 32:
-125.21989207260646
EPOCH 33:
-125.15084117671593
EPOCH 34:
-124.82155673020284
EPOCH 35:
-124.88976175540775
EPOCH 36:
-124.05892714523567
EPOCH 37:
-123.87000931471819
EPOCH 38:
-123.89464580365257
EPOCH 39:
-123.29874218104084
EPOCH 40:
-123.30516838937208
EPOCH 41:
-123.5450690768501
EPOCH 42:
-122.89077399609275
EPOCH 43:
-123.13096573649244
EPOCH 44:
-122.26341927642541
EPOCH 45:
-122.3638710064088
EPOCH 46:
-122.18661882048511
EPOCH 47:
-122.13576238946632
EPOCH 48:
-121.24506763606969
EPOCH 49:
-121.50256247901034
EPOCH 50:
-121.373911953724
EPOCH 51:
-121.12276401431846
EPOCH 52:
-120.58872911238458
EPOCH 53:
-120.42265196048147
EPOCH 54:
-120.18162102463097
EPOCH 55:
-119.95081014331747
EPOCH 56:
-119.12754088974623
EPOCH 57:
-119.79488286146618
EPOCH 58:
-119.60744261658725
EPOCH 59:
-119.48849817197963
EPOCH 60:
-118.76360497487211
EPOCH 61:
-118.35957752600189
EPOCH 62:
-118.57011949431407
EPOCH 63:
-118.5998127067524
EPOCH 64:
-118.36984642098811
EPOCH 65:
-117.6290905754382
EPOCH 66:
-117.3721791469363
EPOCH 67:
-117.21773416863135
EPOCH 68:
-117.41628661576988
EPOCH 69:
-116.87762181082613
EPOCH 70:
-116.6935582963809
EPOCH 71:
-116.43337737640566
EPOCH 72:
-115.9804383686596
EPOCH 73:
-115.98270005455099
EPOCH 74:
-115.59885880522764
EPOCH 75:
-115.58834593366235
EPOCH 76:
-115.28632687412264
EPOCH 77:
-114.9420878403013
EPOCH 78:
-115.44856331197492
EPOCH 79:
-114.82596375643116
EPOCH 80:
-114.65422931538924
EPOCH 81:
-114.4887261889526
EPOCH 82:
-114.13693878567743
EPOCH 83:
-113.29292959449671
EPOCH 84:
-113.89471999960206
EPOCH 85:
-113.02830174068306
EPOCH 86:
-113.73172364053627
EPOCH 87:
-113.03544903664641
EPOCH 88:
-112.63679575904531
EPOCH 89:
-112.26410157153698
EPOCH 90:
-111.9958701402659
EPOCH 91:
-111.74264796655407
EPOCH 92:
-111.91789332984166
EPOCH 93:
-111.73318273766796
EPOCH 94:
-111.04658810747603
EPOCH 95:
-111.18935623530525
EPOCH 96:
-111.34440999044563
EPOCH 97:
-111.07009035785923
EPOCH 98:
-110.77076818873925
EPOCH 99:
-110.05047368390052
EPOCH 100:
-109.9501509923753
Label encoding coluna (por índice): 1 -> 5
Label encoding coluna (por índice): 2 -> 6
Label encoding coluna (por índice): 3 -> 7
Label encoding coluna (por índice): 4 -> 8
sai de label_encoding
(100779, 38)
Precision: 0.8427159037718324 Recall: 0.4723891152096739 F1 Score: 0.6049838120292557 AUROC: 0.5530124891774183
Terminou em Thu Dec 11 04:25:26 AM -03 2025
