Unable to determine the device handle for GPU0000:41:00.0: Unknown Error
Iniciando treino em cluster-node2
Começou em Wed Dec 10 09:26:36 PM -03 2025
(125973, 43)
Label encoding coluna (por índice): 5 -> 9
Label encoding coluna (por índice): 6 -> 10
Label encoding coluna (por índice): 7 -> 11
Label encoding coluna (por índice): 8 -> 12
sai de label_encoding
(100779, 38)
EPOCH 1:
5999834.9136224985
EPOCH 2:
5999828.0224888325
EPOCH 3:
5999826.381595373
EPOCH 4:
5999828.995447516
EPOCH 5:
2999828.2811585665
EPOCH 6:
999829.20477283
EPOCH 7:
-168.24147176742554
EPOCH 8:
-163.8635402917862
EPOCH 9:
-159.79822599887848
EPOCH 10:
999845.48663342
EPOCH 11:
999849.100515008
EPOCH 12:
1999853.5152002573
EPOCH 13:
2999858.010147333
EPOCH 14:
999859.102001667
EPOCH 15:
999861.8058286905
EPOCH 16:
-136.34804570674896
EPOCH 17:
-133.4889212846756
EPOCH 18:
-131.01723515987396
EPOCH 19:
-129.29795277118683
EPOCH 20:
-127.63828611373901
EPOCH 21:
-126.33906698226929
EPOCH 22:
-125.16137897968292
EPOCH 23:
-124.19310575723648
EPOCH 24:
-123.33267998695374
EPOCH 25:
-123.12089878320694
EPOCH 26:
-122.16555094718933
EPOCH 27:
-121.78514409065247
EPOCH 28:
-121.44001442193985
EPOCH 29:
-120.98727595806122
EPOCH 30:
-120.8016865849495
EPOCH 31:
-120.91504293680191
EPOCH 32:
-120.70818203687668
EPOCH 33:
-120.7230943441391
EPOCH 34:
-120.65620529651642
EPOCH 35:
-120.54609459638596
EPOCH 36:
-120.88553947210312
EPOCH 37:
-120.93811559677124
EPOCH 38:
-120.86898052692413
EPOCH 39:
-120.94647079706192
EPOCH 40:
-120.81455892324448
EPOCH 41:
-120.88484501838684
EPOCH 42:
-121.12203657627106
EPOCH 43:
-120.9255530834198
EPOCH 44:
-121.04718017578125
EPOCH 45:
-121.16650480031967
EPOCH 46:
-121.03196090459824
EPOCH 47:
-120.92113542556763
EPOCH 48:
-120.77375257015228
EPOCH 49:
-120.76367920637131
EPOCH 50:
-120.27634793519974
EPOCH 51:
-120.17242759466171
EPOCH 52:
-119.8511306643486
EPOCH 53:
-119.4885693192482
EPOCH 54:
-119.10533499717712
EPOCH 55:
-118.58583599328995
EPOCH 56:
-117.93087768554688
EPOCH 57:
-117.34011536836624
EPOCH 58:
-116.75393509864807
EPOCH 59:
-115.8585576415062
EPOCH 60:
-115.21246629953384
EPOCH 61:
-114.41602671146393
EPOCH 62:
-113.8579415678978
EPOCH 63:
-113.05510938167572
EPOCH 64:
-112.51762819290161
EPOCH 65:
-112.18840777873993
EPOCH 66:
-111.83997678756714
EPOCH 67:
-111.44225114583969
EPOCH 68:
-111.29384261369705
EPOCH 69:
-111.13118720054626
EPOCH 70:
-110.8362507224083
EPOCH 71:
-110.6607614159584
EPOCH 72:
-110.59978431463242
EPOCH 73:
-110.49000507593155
EPOCH 74:
-110.2341987490654
EPOCH 75:
-110.26863843202591
EPOCH 76:
-110.07113617658615
EPOCH 77:
-109.92232358455658
EPOCH 78:
-109.81383204460144
EPOCH 79:
-109.56653678417206
EPOCH 80:
-109.4618227481842
EPOCH 81:
-109.14902985095978
EPOCH 82:
-108.87139105796814
EPOCH 83:
-108.67371141910553
EPOCH 84:
-108.49773383140564
EPOCH 85:
-108.45000386238098
EPOCH 86:
-107.90931916236877
EPOCH 87:
-107.78284645080566
EPOCH 88:
-107.5720095038414
EPOCH 89:
-107.21121382713318
EPOCH 90:
-107.12081319093704
EPOCH 91:
-106.90170484781265
EPOCH 92:
-106.64907163381577
EPOCH 93:
-106.50599122047424
EPOCH 94:
-106.42976021766663
EPOCH 95:
-106.2895057797432
EPOCH 96:
-106.27885973453522
EPOCH 97:
-106.16407805681229
EPOCH 98:
-105.93000841140747
EPOCH 99:
-105.80408245325089
EPOCH 100:
-105.96006786823273
Label encoding coluna (por índice): 1 -> 5
Label encoding coluna (por índice): 2 -> 6
Label encoding coluna (por índice): 3 -> 7
Label encoding coluna (por índice): 4 -> 8
sai de label_encoding
(100779, 38)
Precision: 0.8398942520893741 Recall: 0.4886284704995138 F1 Score: 0.6178234467529861 AUROC: 0.53731641461217
Terminou em Thu Dec 11 04:25:26 AM -03 2025
